=====================================================================
            YOLOv11 SUPER DATASET MODEL TRAINING ORCHESTRATOR        
=====================================================================
[OK] CUDA GPU detected: NVIDIA GeForce RTX 3060
[INFO] Resuming YOLO training from checkpoint: C:\FYP\runs\detect\yolov11_super_dataset\weights\last.pt

[INFO] Starting training with the following parameters:
  - Dataset Config: C:\FYP\external_datasets\super_yolo_dataset\data.yaml
  - Epochs: 30
  - Batch Size: 32
  - Image Resolution: 640x640
  - Device: 0
  - Output Project: C:\FYP\runs\detect/yolov11_super_dataset
---------------------------------------------------------------------
New https://pypi.org/project/ultralytics/8.4.61 available 😃 Update with 'pip install -U ultralytics'
Ultralytics 8.3.40 🚀 Python-3.11.9 torch-2.4.1+cu121 CUDA:0 (NVIDIA GeForce RTX 3060, 12288MiB)
[34m[1mengine\trainer: [0mtask=detect, mode=train, model=C:\FYP\runs\detect\yolov11_super_dataset\weights\last.pt, data=C:\FYP\external_datasets\super_yolo_dataset\data.yaml, epochs=30, time=None, patience=100, batch=32, imgsz=640, save=True, save_period=-1, cache=True, device=0, workers=8, project=C:\FYP_v2\runs\detect, name=yolov11_super_dataset, exist_ok=True, pretrained=True, optimizer=auto, verbose=True, seed=0, deterministic=True, single_cls=False, rect=False, cos_lr=False, close_mosaic=10, resume=C:\FYP\runs\detect\yolov11_super_dataset\weights\last.pt, amp=True, fraction=1.0, profile=False, freeze=None, multi_scale=False, overlap_mask=True, mask_ratio=4, dropout=0.0, val=True, split=val, save_json=False, save_hybrid=False, conf=None, iou=0.7, max_det=300, half=False, dnn=False, plots=True, source=None, vid_stride=1, stream_buffer=False, visualize=False, augment=False, agnostic_nms=False, classes=None, retina_masks=False, embed=None, show=False, save_frames=False, save_txt=False, save_conf=False, save_crop=False, show_labels=True, show_conf=True, show_boxes=True, line_width=None, format=torchscript, keras=False, optimize=False, int8=False, dynamic=False, simplify=True, opset=None, workspace=None, nms=False, lr0=0.01, lrf=0.01, momentum=0.937, weight_decay=0.0005, warmup_epochs=3.0, warmup_momentum=0.8, warmup_bias_lr=0.0, box=7.5, cls=0.5, dfl=1.5, pose=12.0, kobj=1.0, nbs=64, hsv_h=0.015, hsv_s=0.7, hsv_v=0.4, degrees=0.0, translate=0.1, scale=0.5, shear=0.0, perspective=0.0, flipud=0.0, fliplr=0.5, bgr=0.0, mosaic=1.0, mixup=0.0, copy_paste=0.0, copy_paste_mode=flip, auto_augment=randaugment, erasing=0.4, crop_fraction=1.0, cfg=None, tracker=botsort.yaml, save_dir=C:\FYP_v2\runs\detect\yolov11_super_dataset
[34m[1mTensorBoard: [0mStart with 'tensorboard --logdir C:\FYP_v2\runs\detect\yolov11_super_dataset', view at http://localhost:6006/

                   from  n    params  module                                       arguments                     
  0                  -1  1       464  ultralytics.nn.modules.conv.Conv             [3, 16, 3, 2]                 
  1                  -1  1      4672  ultralytics.nn.modules.conv.Conv             [16, 32, 3, 2]                
  2                  -1  1      6640  ultralytics.nn.modules.block.C3k2            [32, 64, 1, False, 0.25]      
  3                  -1  1     36992  ultralytics.nn.modules.conv.Conv             [64, 64, 3, 2]                
  4                  -1  1     26080  ultralytics.nn.modules.block.C3k2            [64, 128, 1, False, 0.25]     
  5                  -1  1    147712  ultralytics.nn.modules.conv.Conv             [128, 128, 3, 2]              
  6                  -1  1     87040  ultralytics.nn.modules.block.C3k2            [128, 128, 1, True]           
  7                  -1  1    295424  ultralytics.nn.modules.conv.Conv             [128, 256, 3, 2]              
  8                  -1  1    346112  ultralytics.nn.modules.block.C3k2            [256, 256, 1, True]           
  9                  -1  1    164608  ultralytics.nn.modules.block.SPPF            [256, 256, 5]                 
 10                  -1  1    249728  ultralytics.nn.modules.block.C2PSA           [256, 256, 1]                 
 11                  -1  1         0  torch.nn.modules.upsampling.Upsample         [None, 2, 'nearest']          
 12             [-1, 6]  1         0  ultralytics.nn.modules.conv.Concat           [1]                           
 13                  -1  1    111296  ultralytics.nn.modules.block.C3k2            [384, 128, 1, False]          
 14                  -1  1         0  torch.nn.modules.upsampling.Upsample         [None, 2, 'nearest']          
 15             [-1, 4]  1         0  ultralytics.nn.modules.conv.Concat           [1]                           
 16                  -1  1     32096  ultralytics.nn.modules.block.C3k2            [256, 64, 1, False]           
 17                  -1  1     36992  ultralytics.nn.modules.conv.Conv             [64, 64, 3, 2]                
 18            [-1, 13]  1         0  ultralytics.nn.modules.conv.Concat           [1]                           
 19                  -1  1     86720  ultralytics.nn.modules.block.C3k2            [192, 128, 1, False]          
 20                  -1  1    147712  ultralytics.nn.modules.conv.Conv             [128, 128, 3, 2]              
 21            [-1, 10]  1         0  ultralytics.nn.modules.conv.Concat           [1]                           
 22                  -1  1    378880  ultralytics.nn.modules.block.C3k2            [384, 256, 1, True]           
 23        [16, 19, 22]  1    431842  ultralytics.nn.modules.head.Detect           [6, [64, 128, 256]]           
YOLO11n summary: 319 layers, 2,591,010 parameters, 2,590,994 gradients, 6.4 GFLOPs

Transferred 499/499 items from pretrained weights
Freezing layer 'model.23.dfl.conv.weight'
[34m[1mAMP: [0mrunning Automatic Mixed Precision (AMP) checks...
Downloading https://github.com/ultralytics/assets/releases/download/v8.3.0/yolo11n.pt to 'yolo11n.pt'...
[34m[1mAMP: [0mchecks passed ✅
[34m[1mtrain: [0mNew cache created: C:\FYP\external_datasets\super_yolo_dataset\train\labels.cache
WARNING ⚠️ Box and segment counts should be equal, but got len(segments) = 5789, len(boxes) = 78724. To resolve this only boxes will be used and all segments will be removed. To avoid this please supply either a detect or segment dataset, not a detect-segment mixed dataset.
[34m[1mtrain: [0m33.1GB RAM required to cache images with 50% safety margin but only 4.3/15.8GB available, not caching images ⚠️
[34m[1mval: [0mNew cache created: C:\FYP\external_datasets\super_yolo_dataset\val\labels.cache
WARNING ⚠️ Box and segment counts should be equal, but got len(segments) = 606, len(boxes) = 20406. To resolve this only boxes will be used and all segments will be removed. To avoid this please supply either a detect or segment dataset, not a detect-segment mixed dataset.
[34m[1mval: [0m5.5GB RAM required to cache images with 50% safety margin but only 0.7/15.8GB available, not caching images ⚠️
Plotting labels to C:\FYP_v2\runs\detect\yolov11_super_dataset\labels.jpg... 
[34m[1moptimizer:[0m 'optimizer=auto' found, ignoring 'lr0=0.01' and 'momentum=0.937' and determining best 'optimizer', 'lr0' and 'momentum' automatically... 
[34m[1moptimizer:[0m AdamW(lr=0.001, momentum=0.9) with parameter groups 81 weight(decay=0.0), 88 weight(decay=0.0005), 87 bias(decay=0.0)
Resuming training C:\FYP\runs\detect\yolov11_super_dataset\weights\last.pt from epoch 30 to 30 total epochs
Closing dataloader mosaic
[34m[1mTensorBoard: [0mmodel graph visualization added ✅
Image sizes 640 train, 640 val
Using 8 dataloader workers
Logging results to [1mC:\FYP_v2\runs\detect\yolov11_super_dataset[0m
Starting training for 30 epochs...

      Epoch    GPU_mem   box_loss   cls_loss   dfl_loss  Instances       Size
                   all       3266      20406      0.752       0.61      0.687      0.514

1 epochs completed in 0.196 hours.
Optimizer stripped from C:\FYP_v2\runs\detect\yolov11_super_dataset\weights\last.pt, 5.4MB
Optimizer stripped from C:\FYP_v2\runs\detect\yolov11_super_dataset\weights\best.pt, 5.4MB

Validating C:\FYP_v2\runs\detect\yolov11_super_dataset\weights\best.pt...
Ultralytics 8.3.40 🚀 Python-3.11.9 torch-2.4.1+cu121 CUDA:0 (NVIDIA GeForce RTX 3060, 12288MiB)
YOLO11n summary (fused): 238 layers, 2,583,322 parameters, 0 gradients, 6.3 GFLOPs
                   all       3266      20406      0.752       0.61      0.688      0.513
               plastic        748       1568      0.719      0.705      0.734      0.556
                 glass        885       2488      0.856      0.714      0.819      0.619
                 metal        662       1800      0.742      0.659      0.734       0.55
                 paper        127        188      0.584      0.569      0.544      0.466
             cardboard        637       1614      0.787      0.579      0.693      0.544
               organic        809      12748      0.823      0.435      0.602      0.347
Speed: 1.0ms preprocess, 1.7ms inference, 0.0ms loss, 1.1ms postprocess per image
Results saved to [1mC:\FYP_v2\runs\detect\yolov11_super_dataset[0m

=====================================================================
     [SUCCESS] YOLOv11 Super Model Training Completed Successfully!  
=====================================================================
[INFO] Training weights and logs saved to: runs/detect/yolov11_super_dataset/
[INFO] Best model weights: runs/detect/yolov11_super_dataset/weights/best.pt
=====================================================================
