[2026-07-10 18:08:05] Starting WasteWise Training Monitor...
[2026-07-10 18:08:05] Running command: C:\FYP\.venv311\Scripts\python.exe C:\FYP\scripts\train_yolo26_hardcase.py --resume --name yolo26s_hardcase_v1_cont --model runs/detect/yolo26s_hardcase_v1/weights/last.pt --epochs 51 --batch 16 --workers 4
[2026-07-10 18:08:05] Current training progress: 2/51 epochs completed.
[2026-07-10 18:08:05] Launching training process (Restart #0)...
=====================================================================
                  YOLO26n HARD-CASE LOCALIZER TRAINING               
=====================================================================
[INFO] Dataset: C:\FYP\external_datasets\yolo26_hardcase_dataset_v1\data.yaml
[INFO] Model:   C:\FYP\runs\detect\yolo26s_hardcase_v1_cont\weights\last.pt
[INFO] Run:     C:\FYP\runs\detect\yolo26s_hardcase_v1_cont
[INFO] Epochs:  51
[INFO] Batch:   16
[INFO] Image:   640
[INFO] Device:  NVIDIA GeForce RTX 3060
New https://pypi.org/project/ultralytics/8.4.91 available  Update with 'pip install -U ultralytics'
Ultralytics 8.4.62  Python-3.11.9 torch-2.4.1+cu121 CUDA:0 (NVIDIA GeForce RTX 3060, 12288MiB)
[34m[1mengine\trainer: [0magnostic_nms=False, amp=True, angle=1.0, augment=False, auto_augment=randaugment, batch=16, bgr=0.0, box=7.5, cache=disk, cfg=None, classes=None, close_mosaic=10, cls=0.5, cls_pw=0.0, compile=False, conf=None, copy_paste=0.0, copy_paste_mode=flip, cos_lr=True, cutmix=0.0, data=C:\FYP\external_datasets\yolo26_hardcase_dataset_v1\data.yaml, degrees=0.0, deterministic=True, device=0, dfl=1.5, dnn=False, dropout=0.0, dynamic=False, embed=None, end2end=None, epochs=51, erasing=0.4, exist_ok=True, fliplr=0.5, flipud=0.0, format=torchscript, fraction=1.0, freeze=None, half=False, hsv_h=0.015, hsv_s=0.7, hsv_v=0.4, imgsz=640, int8=False, iou=0.7, keras=False, kobj=1.0, line_width=None, lr0=0.01, lrf=0.01, mask_ratio=4, max_det=300, mixup=0.0, mode=train, model=C:\FYP\runs\detect\yolo26s_hardcase_v1_cont\weights\last.pt, momentum=0.937, mosaic=1.0, multi_scale=0.0, name=yolo26s_hardcase_v1_cont, nbs=64, nms=False, opset=None, optimize=False, optimizer=auto, overlap_mask=True, patience=40, perspective=0.0, plots=True, pose=12.0, pretrained=True, profile=False, project=C:\FYP\runs\detect, rect=False, resume=C:\FYP\runs\detect\yolo26s_hardcase_v1_cont\weights\last.pt, retina_masks=False, rle=1.0, save=True, save_conf=False, save_crop=False, save_dir=C:\FYP\runs\detect\yolo26s_hardcase_v1_cont, save_frames=False, save_json=False, save_period=-1, save_txt=False, scale=0.5, seed=0, shear=0.0, show=False, show_boxes=True, show_conf=True, show_labels=True, simplify=True, single_cls=False, source=None, split=val, stream_buffer=False, task=detect, time=None, tracker=botsort.yaml, translate=0.1, val=True, verbose=True, vid_stride=1, visualize=False, warmup_bias_lr=0.0, warmup_epochs=3.0, warmup_momentum=0.8, weight_decay=0.0005, workers=4, workspace=None

                   from  n    params  module                                       arguments                     
  0                  -1  1       928  ultralytics.nn.modules.conv.Conv             [3, 32, 3, 2]                 
  1                  -1  1     18560  ultralytics.nn.modules.conv.Conv             [32, 64, 3, 2]                
  2                  -1  1     26080  ultralytics.nn.modules.block.C3k2            [64, 128, 1, False, 0.25]     
  3                  -1  1    147712  ultralytics.nn.modules.conv.Conv             [128, 128, 3, 2]              
  4                  -1  1    103360  ultralytics.nn.modules.block.C3k2            [128, 256, 1, False, 0.25]    
  5                  -1  1    590336  ultralytics.nn.modules.conv.Conv             [256, 256, 3, 2]              
  6                  -1  1    346112  ultralytics.nn.modules.block.C3k2            [256, 256, 1, True]           
  7                  -1  1   1180672  ultralytics.nn.modules.conv.Conv             [256, 512, 3, 2]              
  8                  -1  1   1380352  ultralytics.nn.modules.block.C3k2            [512, 512, 1, True]           
  9                  -1  1    656896  ultralytics.nn.modules.block.SPPF            [512, 512, 5, 3, True]        
 10                  -1  1    990976  ultralytics.nn.modules.block.C2PSA           [512, 512, 1]                 
 11                  -1  1         0  torch.nn.modules.upsampling.Upsample         [None, 2, 'nearest']          
 12             [-1, 6]  1         0  ultralytics.nn.modules.conv.Concat           [1]                           
 13                  -1  1    477184  ultralytics.nn.modules.block.C3k2            [768, 256, 1, True]           
 14                  -1  1         0  torch.nn.modules.upsampling.Upsample         [None, 2, 'nearest']          
 15             [-1, 4]  1         0  ultralytics.nn.modules.conv.Concat           [1]                           
 16                  -1  1    136192  ultralytics.nn.modules.block.C3k2            [512, 128, 1, True]           
 17                  -1  1    147712  ultralytics.nn.modules.conv.Conv             [128, 128, 3, 2]              
 18            [-1, 13]  1         0  ultralytics.nn.modules.conv.Concat           [1]                           
 19                  -1  1    378880  ultralytics.nn.modules.block.C3k2            [384, 256, 1, True]           
 20                  -1  1    590336  ultralytics.nn.modules.conv.Conv             [256, 256, 3, 2]              
 21            [-1, 10]  1         0  ultralytics.nn.modules.conv.Concat           [1]                           
 22                  -1  1   1843712  ultralytics.nn.modules.block.C3k2            [768, 512, 1, True, 0.5, True]
 23        [16, 19, 22]  1    936508  ultralytics.nn.modules.head.Detect           [6, 1, True, [128, 256, 512]] 
YOLO26s summary: 260 layers, 9,952,508 parameters, 9,952,508 gradients, 22.5 GFLOPs

Transferred 708/708 items from pretrained weights
[34m[1mAMP: [0mrunning Automatic Mixed Precision (AMP) checks...
[34m[1mAMP: [0mchecks passed 
[34m[1mtrain: [0mFast image access  (ping: 0.20.2 ms, read: 23.28.1 MB/s, size: 19.3 KB)
[2026-07-10 18:08:35] Starting WasteWise Training Monitor...
[2026-07-10 18:08:35] Running command: C:\FYP\.venv311\Scripts\python.exe C:\FYP\scripts\train_yolo26_hardcase.py --resume --name yolo26s_hardcase_v1_cont --model runs/detect/yolo26s_hardcase_v1/weights/last.pt --epochs 51 --batch 16 --workers 4
[2026-07-10 18:08:35] Current training progress: 2/51 epochs completed.
[2026-07-10 18:08:35] Launching training process (Restart #0)...
=====================================================================
                  YOLO26n HARD-CASE LOCALIZER TRAINING               
=====================================================================
[INFO] Dataset: C:\FYP\external_datasets\yolo26_hardcase_dataset_v1\data.yaml
[INFO] Model:   C:\FYP\runs\detect\yolo26s_hardcase_v1_cont\weights\last.pt
[INFO] Run:     C:\FYP\runs\detect\yolo26s_hardcase_v1_cont
[INFO] Epochs:  51
[INFO] Batch:   16
[INFO] Image:   640
[INFO] Device:  NVIDIA GeForce RTX 3060
New https://pypi.org/project/ultralytics/8.4.91 available  Update with 'pip install -U ultralytics'
Ultralytics 8.4.62  Python-3.11.9 torch-2.4.1+cu121 CUDA:0 (NVIDIA GeForce RTX 3060, 12288MiB)
[34m[1mengine\trainer: [0magnostic_nms=False, amp=True, angle=1.0, augment=False, auto_augment=randaugment, batch=16, bgr=0.0, box=7.5, cache=disk, cfg=None, classes=None, close_mosaic=10, cls=0.5, cls_pw=0.0, compile=False, conf=None, copy_paste=0.0, copy_paste_mode=flip, cos_lr=True, cutmix=0.0, data=C:\FYP\external_datasets\yolo26_hardcase_dataset_v1\data.yaml, degrees=0.0, deterministic=True, device=0, dfl=1.5, dnn=False, dropout=0.0, dynamic=False, embed=None, end2end=None, epochs=51, erasing=0.4, exist_ok=True, fliplr=0.5, flipud=0.0, format=torchscript, fraction=1.0, freeze=None, half=False, hsv_h=0.015, hsv_s=0.7, hsv_v=0.4, imgsz=640, int8=False, iou=0.7, keras=False, kobj=1.0, line_width=None, lr0=0.01, lrf=0.01, mask_ratio=4, max_det=300, mixup=0.0, mode=train, model=C:\FYP\runs\detect\yolo26s_hardcase_v1_cont\weights\last.pt, momentum=0.937, mosaic=1.0, multi_scale=0.0, name=yolo26s_hardcase_v1_cont, nbs=64, nms=False, opset=None, optimize=False, optimizer=auto, overlap_mask=True, patience=40, perspective=0.0, plots=True, pose=12.0, pretrained=True, profile=False, project=C:\FYP\runs\detect, rect=False, resume=C:\FYP\runs\detect\yolo26s_hardcase_v1_cont\weights\last.pt, retina_masks=False, rle=1.0, save=True, save_conf=False, save_crop=False, save_dir=C:\FYP\runs\detect\yolo26s_hardcase_v1_cont, save_frames=False, save_json=False, save_period=-1, save_txt=False, scale=0.5, seed=0, shear=0.0, show=False, show_boxes=True, show_conf=True, show_labels=True, simplify=True, single_cls=False, source=None, split=val, stream_buffer=False, task=detect, time=None, tracker=botsort.yaml, translate=0.1, val=True, verbose=True, vid_stride=1, visualize=False, warmup_bias_lr=0.0, warmup_epochs=3.0, warmup_momentum=0.8, weight_decay=0.0005, workers=4, workspace=None

                   from  n    params  module                                       arguments                     
  0                  -1  1       928  ultralytics.nn.modules.conv.Conv             [3, 32, 3, 2]                 
  1                  -1  1     18560  ultralytics.nn.modules.conv.Conv             [32, 64, 3, 2]                
  2                  -1  1     26080  ultralytics.nn.modules.block.C3k2            [64, 128, 1, False, 0.25]     
  3                  -1  1    147712  ultralytics.nn.modules.conv.Conv             [128, 128, 3, 2]              
  4                  -1  1    103360  ultralytics.nn.modules.block.C3k2            [128, 256, 1, False, 0.25]    
  5                  -1  1    590336  ultralytics.nn.modules.conv.Conv             [256, 256, 3, 2]              
  6                  -1  1    346112  ultralytics.nn.modules.block.C3k2            [256, 256, 1, True]           
  7                  -1  1   1180672  ultralytics.nn.modules.conv.Conv             [256, 512, 3, 2]              
  8                  -1  1   1380352  ultralytics.nn.modules.block.C3k2            [512, 512, 1, True]           
  9                  -1  1    656896  ultralytics.nn.modules.block.SPPF            [512, 512, 5, 3, True]        
 10                  -1  1    990976  ultralytics.nn.modules.block.C2PSA           [512, 512, 1]                 
 11                  -1  1         0  torch.nn.modules.upsampling.Upsample         [None, 2, 'nearest']          
 12             [-1, 6]  1         0  ultralytics.nn.modules.conv.Concat           [1]                           
 13                  -1  1    477184  ultralytics.nn.modules.block.C3k2            [768, 256, 1, True]           
 14                  -1  1         0  torch.nn.modules.upsampling.Upsample         [None, 2, 'nearest']          
 15             [-1, 4]  1         0  ultralytics.nn.modules.conv.Concat           [1]                           
 16                  -1  1    136192  ultralytics.nn.modules.block.C3k2            [512, 128, 1, True]           
 17                  -1  1    147712  ultralytics.nn.modules.conv.Conv             [128, 128, 3, 2]              
 18            [-1, 13]  1         0  ultralytics.nn.modules.conv.Concat           [1]                           
 19                  -1  1    378880  ultralytics.nn.modules.block.C3k2            [384, 256, 1, True]           
 20                  -1  1    590336  ultralytics.nn.modules.conv.Conv             [256, 256, 3, 2]              
 21            [-1, 10]  1         0  ultralytics.nn.modules.conv.Concat           [1]                           
 22                  -1  1   1843712  ultralytics.nn.modules.block.C3k2            [768, 512, 1, True, 0.5, True]
 23        [16, 19, 22]  1    936508  ultralytics.nn.modules.head.Detect           [6, 1, True, [128, 256, 512]] 
YOLO26s summary: 260 layers, 9,952,508 parameters, 9,952,508 gradients, 22.5 GFLOPs

Transferred 708/708 items from pretrained weights
[34m[1mAMP: [0mrunning Automatic Mixed Precision (AMP) checks...
[34m[1mAMP: [0mchecks passed 
[34m[1mtrain: [0mFast image access  (ping: 0.20.1 ms, read: 60.437.8 MB/s, size: 19.3 KB)

[2026-07-10 18:09:09] Starting WasteWise Training Monitor...
[2026-07-10 18:09:09] Running command: C:\FYP\.venv311\Scripts\python.exe C:\FYP\scripts\train_yolo26_hardcase.py --resume --name yolo26s_hardcase_v1_cont --model runs/detect/yolo26s_hardcase_v1/weights/last.pt --epochs 51 --batch 16 --workers 4
[2026-07-10 18:09:09] Current training progress: 2/51 epochs completed.
[2026-07-10 18:09:09] Launching training process (Restart #0)...
=====================================================================
                  YOLO26n HARD-CASE LOCALIZER TRAINING               
=====================================================================
[INFO] Dataset: C:\FYP\external_datasets\yolo26_hardcase_dataset_v1\data.yaml
[INFO] Model:   C:\FYP\runs\detect\yolo26s_hardcase_v1_cont\weights\last.pt
[INFO] Run:     C:\FYP\runs\detect\yolo26s_hardcase_v1_cont
[INFO] Epochs:  51
[INFO] Batch:   16
[INFO] Image:   640
[INFO] Device:  NVIDIA GeForce RTX 3060
New https://pypi.org/project/ultralytics/8.4.91 available  Update with 'pip install -U ultralytics'
Ultralytics 8.4.62  Python-3.11.9 torch-2.4.1+cu121 CUDA:0 (NVIDIA GeForce RTX 3060, 12288MiB)
[34m[1mengine\trainer: [0magnostic_nms=False, amp=True, angle=1.0, augment=False, auto_augment=randaugment, batch=16, bgr=0.0, box=7.5, cache=disk, cfg=None, classes=None, close_mosaic=10, cls=0.5, cls_pw=0.0, compile=False, conf=None, copy_paste=0.0, copy_paste_mode=flip, cos_lr=True, cutmix=0.0, data=C:\FYP\external_datasets\yolo26_hardcase_dataset_v1\data.yaml, degrees=0.0, deterministic=True, device=0, dfl=1.5, dnn=False, dropout=0.0, dynamic=False, embed=None, end2end=None, epochs=51, erasing=0.4, exist_ok=True, fliplr=0.5, flipud=0.0, format=torchscript, fraction=1.0, freeze=None, half=False, hsv_h=0.015, hsv_s=0.7, hsv_v=0.4, imgsz=640, int8=False, iou=0.7, keras=False, kobj=1.0, line_width=None, lr0=0.01, lrf=0.01, mask_ratio=4, max_det=300, mixup=0.0, mode=train, model=C:\FYP\runs\detect\yolo26s_hardcase_v1_cont\weights\last.pt, momentum=0.937, mosaic=1.0, multi_scale=0.0, name=yolo26s_hardcase_v1_cont, nbs=64, nms=False, opset=None, optimize=False, optimizer=auto, overlap_mask=True, patience=40, perspective=0.0, plots=True, pose=12.0, pretrained=True, profile=False, project=C:\FYP\runs\detect, rect=False, resume=C:\FYP\runs\detect\yolo26s_hardcase_v1_cont\weights\last.pt, retina_masks=False, rle=1.0, save=True, save_conf=False, save_crop=False, save_dir=C:\FYP\runs\detect\yolo26s_hardcase_v1_cont, save_frames=False, save_json=False, save_period=-1, save_txt=False, scale=0.5, seed=0, shear=0.0, show=False, show_boxes=True, show_conf=True, show_labels=True, simplify=True, single_cls=False, source=None, split=val, stream_buffer=False, task=detect, time=None, tracker=botsort.yaml, translate=0.1, val=True, verbose=True, vid_stride=1, visualize=False, warmup_bias_lr=0.0, warmup_epochs=3.0, warmup_momentum=0.8, weight_decay=0.0005, workers=4, workspace=None

                   from  n    params  module                                       arguments                     
  0                  -1  1       928  ultralytics.nn.modules.conv.Conv             [3, 32, 3, 2]                 
  1                  -1  1     18560  ultralytics.nn.modules.conv.Conv             [32, 64, 3, 2]                
  2                  -1  1     26080  ultralytics.nn.modules.block.C3k2            [64, 128, 1, False, 0.25]     
  3                  -1  1    147712  ultralytics.nn.modules.conv.Conv             [128, 128, 3, 2]              
  4                  -1  1    103360  ultralytics.nn.modules.block.C3k2            [128, 256, 1, False, 0.25]    
  5                  -1  1    590336  ultralytics.nn.modules.conv.Conv             [256, 256, 3, 2]              
  6                  -1  1    346112  ultralytics.nn.modules.block.C3k2            [256, 256, 1, True]           
  7                  -1  1   1180672  ultralytics.nn.modules.conv.Conv             [256, 512, 3, 2]              
  8                  -1  1   1380352  ultralytics.nn.modules.block.C3k2            [512, 512, 1, True]           
  9                  -1  1    656896  ultralytics.nn.modules.block.SPPF            [512, 512, 5, 3, True]        
 10                  -1  1    990976  ultralytics.nn.modules.block.C2PSA           [512, 512, 1]                 
 11                  -1  1         0  torch.nn.modules.upsampling.Upsample         [None, 2, 'nearest']          
 12             [-1, 6]  1         0  ultralytics.nn.modules.conv.Concat           [1]                           
 13                  -1  1    477184  ultralytics.nn.modules.block.C3k2            [768, 256, 1, True]           
 14                  -1  1         0  torch.nn.modules.upsampling.Upsample         [None, 2, 'nearest']          
 15             [-1, 4]  1         0  ultralytics.nn.modules.conv.Concat           [1]                           
 16                  -1  1    136192  ultralytics.nn.modules.block.C3k2            [512, 128, 1, True]           
 17                  -1  1    147712  ultralytics.nn.modules.conv.Conv             [128, 128, 3, 2]              
 18            [-1, 13]  1         0  ultralytics.nn.modules.conv.Concat           [1]                           
 19                  -1  1    378880  ultralytics.nn.modules.block.C3k2            [384, 256, 1, True]           
 20                  -1  1    590336  ultralytics.nn.modules.conv.Conv             [256, 256, 3, 2]              
 21            [-1, 10]  1         0  ultralytics.nn.modules.conv.Concat           [1]                           
 22                  -1  1   1843712  ultralytics.nn.modules.block.C3k2            [768, 512, 1, True, 0.5, True]
 23        [16, 19, 22]  1    936508  ultralytics.nn.modules.head.Detect           [6, 1, True, [128, 256, 512]] 
YOLO26s summary: 260 layers, 9,952,508 parameters, 9,952,508 gradients, 22.5 GFLOPs

Transferred 708/708 items from pretrained weights
[34m[1mAMP: [0mrunning Automatic Mixed Precision (AMP) checks...
[34m[1mAMP: [0mchecks passed 
[34m[1mtrain: [0mFast image access  (ping: 0.10.1 ms, read: 37.919.2 MB/s, size: 19.3 KB)

[K[34m[1mtrain: [0mScanning C:\FYP\external_datasets\yolo26_hardcase_dataset_v1\train\labels.cache... 20593 images, 0 backgrounds, 0 corrupt: 100% ━━━━━━━━━━━━ 20593/20593  0.0s
[34m[1mtrain: [0mC:\FYP\external_datasets\yolo26_hardcase_dataset_v1\train\images\taco_hardcase_007ba66e80.jpg: corrupt JPEG restored and saved
[34m[1mtrain: [0mC:\FYP\external_datasets\yolo26_hardcase_dataset_v1\train\images\taco_hardcase_416a3fe63e.jpg: corrupt JPEG restored and saved
[34m[1mtrain: [0mC:\FYP\external_datasets\yolo26_hardcase_dataset_v1\train\images\taco_hardcase_45abcd988d.jpg: corrupt JPEG restored and saved
[34m[1mtrain: [0mC:\FYP\external_datasets\yolo26_hardcase_dataset_v1\train\images\taco_hardcase_701ae9d6e5.jpg: corrupt JPEG restored and saved
[34m[1mtrain: [0mC:\FYP\external_datasets\yolo26_hardcase_dataset_v1\train\images\taco_hardcase_70233f673b.jpg: corrupt JPEG restored and saved
[34m[1mtrain: [0mC:\FYP\external_datasets\yolo26_hardcase_dataset_v1\train\images\taco_hardcase_7fb1820f78.jpg: corrupt JPEG restored and saved
[34m[1mtrain: [0mC:\FYP\external_datasets\yolo26_hardcase_dataset_v1\train\images\taco_hardcase_8349f740ce.jpg: corrupt JPEG restored and saved
[34m[1mtrain: [0mC:\FYP\external_datasets\yolo26_hardcase_dataset_v1\train\images\taco_hardcase_88c81f0962.jpg: corrupt JPEG restored and saved
[34m[1mtrain: [0mC:\FYP\external_datasets\yolo26_hardcase_dataset_v1\train\images\taco_hardcase_8ae5d3872d.jpg: corrupt JPEG restored and saved
[34m[1mtrain: [0mC:\FYP\external_datasets\yolo26_hardcase_dataset_v1\train\images\taco_hardcase_bdea565a50.jpg: corrupt JPEG restored and saved
[34m[1mtrain: [0mC:\FYP\external_datasets\yolo26_hardcase_dataset_v1\train\images\taco_hardcase_bf0ce4d930.jpg: corrupt JPEG restored and saved
WARNING Box and segment counts should be equal, but got len(segments) = 5789, len(boxes) = 80993. To resolve this only boxes will be used and all segments will be removed. To avoid this please supply either a detect or segment dataset, not a detect-segment mixed dataset.
WARNING [34m[1mtrain: [0m91.2GB disk space required, with 50% safety margin but only 24.1/299.3GB free, not caching images to disk
[34m[1mval: [0mFast image access  (ping: 0.30.1 ms, read: 251.7359.4 MB/s, size: 1340.2 KB)

[K[34m[1mval: [0mScanning C:\FYP\external_datasets\yolo26_hardcase_dataset_v1\val\labels.cache... 3450 images, 0 backgrounds, 0 corrupt: 100% ━━━━━━━━━━━━ 3450/3450  0.0s
[34m[1mval: [0mC:\FYP\external_datasets\yolo26_hardcase_dataset_v1\val\images\taco_hardcase_0273920537.jpg: corrupt JPEG restored and saved
[34m[1mval: [0mC:\FYP\external_datasets\yolo26_hardcase_dataset_v1\val\images\taco_hardcase_0f7f51d05e.jpg: corrupt JPEG restored and saved
[34m[1mval: [0mC:\FYP\external_datasets\yolo26_hardcase_dataset_v1\val\images\taco_hardcase_12e51694b1.jpg: corrupt JPEG restored and saved
[34m[1mval: [0mC:\FYP\external_datasets\yolo26_hardcase_dataset_v1\val\images\taco_hardcase_357c850bd9.jpg: corrupt JPEG restored and saved
[34m[1mval: [0mC:\FYP\external_datasets\yolo26_hardcase_dataset_v1\val\images\taco_hardcase_3af473305c.jpg: corrupt JPEG restored and saved
[34m[1mval: [0mC:\FYP\external_datasets\yolo26_hardcase_dataset_v1\val\images\taco_hardcase_3d71f9f3cd.jpg: corrupt JPEG restored and saved
[34m[1mval: [0mC:\FYP\external_datasets\yolo26_hardcase_dataset_v1\val\images\taco_hardcase_42a2d6b91f.jpg: corrupt JPEG restored and saved
[34m[1mval: [0mC:\FYP\external_datasets\yolo26_hardcase_dataset_v1\val\images\taco_hardcase_5da02a4955.jpg: corrupt JPEG restored and saved
[34m[1mval: [0mC:\FYP\external_datasets\yolo26_hardcase_dataset_v1\val\images\taco_hardcase_6592116b4b.jpg: corrupt JPEG restored and saved
[34m[1mval: [0mC:\FYP\external_datasets\yolo26_hardcase_dataset_v1\val\images\taco_hardcase_7d9e0771e3.jpg: corrupt JPEG restored and saved
[34m[1mval: [0mC:\FYP\external_datasets\yolo26_hardcase_dataset_v1\val\images\taco_hardcase_7ef93db086.jpg: corrupt JPEG restored and saved
[34m[1mval: [0mC:\FYP\external_datasets\yolo26_hardcase_dataset_v1\val\images\taco_hardcase_832a4dae93.jpg: corrupt JPEG restored and saved
[34m[1mval: [0mC:\FYP\external_datasets\yolo26_hardcase_dataset_v1\val\images\taco_hardcase_8429465e8a.jpg: corrupt JPEG restored and saved
[34m[1mval: [0mC:\FYP\external_datasets\yolo26_hardcase_dataset_v1\val\images\taco_hardcase_95ab6c4efb.jpg: corrupt JPEG restored and saved
[34m[1mval: [0mC:\FYP\external_datasets\yolo26_hardcase_dataset_v1\val\images\taco_hardcase_a472c57670.jpg: corrupt JPEG restored and saved
[34m[1mval: [0mC:\FYP\external_datasets\yolo26_hardcase_dataset_v1\val\images\taco_hardcase_a5c2d40916.jpg: corrupt JPEG restored and saved
[34m[1mval: [0mC:\FYP\external_datasets\yolo26_hardcase_dataset_v1\val\images\taco_hardcase_bb4d3cfd99.jpg: corrupt JPEG restored and saved
[34m[1mval: [0mC:\FYP\external_datasets\yolo26_hardcase_dataset_v1\val\images\taco_hardcase_c44774e2e9.jpg: corrupt JPEG restored and saved
[34m[1mval: [0mC:\FYP\external_datasets\yolo26_hardcase_dataset_v1\val\images\taco_hardcase_d104529ba1.jpg: corrupt JPEG restored and saved
[34m[1mval: [0mC:\FYP\external_datasets\yolo26_hardcase_dataset_v1\val\images\taco_hardcase_d7ad0214c1.jpg: corrupt JPEG restored and saved
[34m[1mval: [0mC:\FYP\external_datasets\yolo26_hardcase_dataset_v1\val\images\taco_hardcase_dc860b68ec.jpg: corrupt JPEG restored and saved
[34m[1mval: [0mC:\FYP\external_datasets\yolo26_hardcase_dataset_v1\val\images\taco_hardcase_e27d6c3f51.jpg: corrupt JPEG restored and saved
[34m[1mval: [0mC:\FYP\external_datasets\yolo26_hardcase_dataset_v1\val\images\taco_hardcase_e27e6282ab.jpg: corrupt JPEG restored and saved
[34m[1mval: [0mC:\FYP\external_datasets\yolo26_hardcase_dataset_v1\val\images\taco_hardcase_eb695c5946.jpg: corrupt JPEG restored and saved
[34m[1mval: [0mC:\FYP\external_datasets\yolo26_hardcase_dataset_v1\val\images\taco_hardcase_ecf51ad268.jpg: corrupt JPEG restored and saved
[34m[1mval: [0mC:\FYP\external_datasets\yolo26_hardcase_dataset_v1\val\images\taco_hardcase_f7938ea9f5.jpg: corrupt JPEG restored and saved
WARNING Box and segment counts should be equal, but got len(segments) = 606, len(boxes) = 20989. To resolve this only boxes will be used and all segments will be removed. To avoid this please supply either a detect or segment dataset, not a detect-segment mixed dataset.
WARNING [34m[1mval: [0m44.6GB disk space required, with 50% safety margin but only 24.1/299.3GB free, not caching images to disk
[34m[1moptimizer:[0m 'optimizer=auto' found, ignoring 'lr0=0.01' and 'momentum=0.937' and determining best 'optimizer', 'lr0' and 'momentum' automatically... 
[34m[1moptimizer:[0m MuSGD(lr=0.01, momentum=0.9) with parameter groups 114 weight(decay=0.0), 126 weight(decay=0.0005), 126 bias(decay=0.0)
Plotting labels to C:\FYP\runs\detect\yolo26s_hardcase_v1_cont\labels.jpg... 
Resuming training C:\FYP\runs\detect\yolo26s_hardcase_v1_cont\weights\last.pt from epoch 3 to 51 total epochs
Image sizes 640 train, 640 val
Using 4 dataloader workers
Logging results to [1mC:\FYP\runs\detect\yolo26s_hardcase_v1_cont[0m
Starting training for 51 epochs...

      Epoch    GPU_mem   box_loss   cls_loss   dfl_loss  Instances       Size

[K       3/51       4.7G     0.9013      1.309    0.01392         16        640: 0% ──────────── 0/1288  4.7s
[K       3/51       4.7G      1.012     0.9625    0.01367         16        640: 0% ──────────── 1/1288 2.2s/it 5.4s<47:26
[K       3/51      4.72G      1.103     0.9343    0.01382         16        640: 0% ──────────── 2/1288 1.2s/it 6.0s<25:46
[K       3/51      4.72G      1.053      0.871    0.01399         16        640: 0% ──────────── 3/1288 1.1s/it 6.9s<24:03
[K       3/51      4.72G      1.092     0.9389    0.01402         16        640: 0% ──────────── 4/1288 1.1it/s 7.6s<19:55
[K       3/51      4.72G      1.059     0.8728    0.01356         16        640: 0% ──────────── 5/1288 1.2it/s 8.3s<17:52
[K       3/51      4.72G      1.057     0.8698    0.01305         16        640: 0% ──────────── 6/1288 1.2it/s 9.2s<18:07
[K       3/51      4.72G      1.036      0.843    0.01279         16        640: 1% ──────────── 7/1288 1.3it/s 9.8s<16:33
[K       3/51      4.72G      1.012     0.8605    0.01292         16        640: 1% ──────────── 8/1288 1.4it/s 10.4s<15:36
[K       3/51      4.72G      1.034     0.9062    0.01288         16        640: 1% ──────────── 9/1288 1.2it/s 11.5s<17:08
[K       3/51      4.72G      1.048     0.9054    0.01272         16        640: 1% ──────────── 10/1288 1.5it/s 12.0s<14:32
[K       3/51      4.72G      1.081      0.932    0.01283         16        640: 1% ──────────── 11/1288 1.5it/s 12.7s<14:40
[K       3/51      4.72G      1.072     0.9468    0.01256         16        640: 1% ──────────── 12/1288 1.3it/s 13.8s<16:28
[K       3/51      4.72G      1.057     0.9185     0.0123         16        640: 1% ──────────── 13/1288 1.4it/s 14.4s<15:16
[K       3/51      4.72G      1.054     0.9087    0.01212         16        640: 1% ──────────── 14/1288 1.6it/s 14.9s<13:33
[K       3/51      4.72G       1.05     0.9066    0.01219         16        640: 1% ──────────── 15/1288 1.4it/s 15.9s<15:09
[K       3/51      4.72G      1.041     0.8899    0.01205         16        640: 1% ──────────── 16/1288 1.4it/s 16.5s<14:41
[K       3/51      4.72G      1.044     0.8826    0.01204         16        640: 1% ──────────── 17/1288 1.5it/s 17.2s<14:28
[K       3/51      4.72G       1.04      0.887     0.0119         16        640: 1% ──────────── 18/1288 1.4it/s 18.0s<15:18
[K       3/51      4.72G       1.04     0.8778    0.01178         16        640: 1% ──────────── 19/1288 1.4it/s 18.7s<14:40
[K       3/51      4.72G      1.043     0.8899    0.01205         16        640: 2% ──────────── 20/1288 1.5it/s 19.3s<14:25
[K       3/51      4.72G      1.049     0.8911    0.01212         16        640: 2% ──────────── 21/1288 1.4it/s 20.3s<15:36
[K       3/51      4.72G      1.051     0.8891    0.01208         16        640: 2% ──────────── 22/1288 1.4it/s 20.9s<14:46
[K       3/51      4.72G      1.053     0.8901      0.012         16        640: 2% ──────────── 23/1288 1.5it/s 21.5s<14:25
[K       3/51      4.72G      1.057     0.8954     0.0122         16        640: 2% ──────────── 24/1288 1.3it/s 22.6s<16:12
[K       3/51      4.72G      1.051     0.8812    0.01214         16        640: 2% ──────────── 25/1288 1.6it/s 23.0s<13:07
[K       3/51      4.72G      1.056     0.8936    0.01208         16        640: 2% ──────────── 26/1288 2.3it/s 23.3s<9:19
[K       3/51      4.72G      1.052     0.9003    0.01208         16        640: 2% ──────────── 27/1288 2.0it/s 24.0s<10:31
[K       3/51      4.72G      1.044     0.8902    0.01203         16        640: 2% ──────────── 28/1288 1.9it/s 24.7s<11:12
[K       3/51      4.72G      1.036     0.8774    0.01196         16        640: 2% ──────────── 29/1288 1.8it/s 25.3s<11:53
[K       3/51      4.72G      1.032     0.8766    0.01189         16        640: 2% ──────────── 30/1288 1.6it/s 26.2s<13:14
[K       3/51      4.72G      1.029     0.8677     0.0119         16        640: 2% ──────────── 31/1288 1.6it/s 26.8s<12:59
[K       3/51      4.72G       1.03     0.8654     0.0119         16        640: 2% ──────────── 32/1288 1.6it/s 27.4s<13:06
[K       3/51      4.72G      1.046     0.8757    0.01183         16        640: 3% ──────────── 33/1288 1.4it/s 28.6s<15:09
[K       3/51      4.72G      1.047     0.8708    0.01184         16        640: 3% ──────────── 34/1288 1.5it/s 29.1s<13:43
[K       3/51      4.72G      1.048      0.874     0.0119         16        640: 3% ──────────── 35/1288 1.5it/s 29.7s<13:34
[K       3/51      4.72G      1.052     0.8723    0.01182         16        640: 3% ──────────── 36/1288 1.4it/s 30.8s<15:19
[K       3/51      4.72G      1.052     0.8745    0.01184         16        640: 3% ──────────── 37/1288 1.4it/s 31.4s<14:28
[K       3/51      4.72G      1.063     0.8839    0.01187         16        640: 3% ──────────── 38/1288 1.6it/s 31.9s<12:41
[K       3/51      4.72G      1.064     0.8842    0.01182         16        640: 3% ──────────── 39/1288 1.4it/s 32.9s<14:34
[K       3/51      4.72G      1.065     0.8826    0.01188         16        640: 3% ──────────── 40/1288 1.5it/s 33.6s<14:15
[K       3/51      4.72G      1.069     0.8871    0.01186         16        640: 3% ──────────── 41/1288 1.5it/s 34.3s<14:15
[K       3/51      4.72G      1.072     0.8921    0.01184         16        640: 3% ──────────── 42/1288 1.4it/s 35.1s<15:10
[K       3/51      4.72G      1.078     0.8977    0.01179         16        640: 3% ──────────── 43/1288 1.4it/s 35.8s<14:46
[K       3/51      4.72G       1.08     0.9024    0.01173         16        640: 3% ──────────── 44/1288 1.4it/s 36.5s<14:33
[K       3/51      4.87G      1.089      0.911    0.01167         16        640: 3% ──────────── 45/1288 1.3it/s 37.5s<15:52
[K       3/51      4.87G      1.083     0.9074    0.01159         16        640: 4% ──────────── 46/1288 1.4it/s 38.1s<14:58
[K       3/51      4.87G      1.093     0.9182    0.01157         16        640: 4% ──────────── 47/1288 1.4it/s 38.8s<14:39
[K       3/51      4.87G      1.095      0.922     0.0118         16        640: 4% ──────────── 48/1288 1.3it/s 39.8s<16:15
[K       3/51      4.87G      1.104     0.9317    0.01177         16        640: 4% ──────────── 49/1288 1.5it/s 40.3s<13:29
[K       3/51      4.87G      1.115      0.938    0.01173         16        640: 4% ──────────── 50/1288 1.5it/s 41.0s<13:42
[K       3/51      4.87G      1.125     0.9555    0.01172         16        640: 4% ──────────── 51/1288 1.3it/s 42.1s<15:29
[K       3/51      4.87G      1.118     0.9481    0.01168         16        640: 4% ──────────── 52/1288 1.4it/s 42.7s<14:36
[K       3/51      4.87G      1.116     0.9438    0.01167         16        640: 4% ──────────── 53/1288 1.6it/s 43.2s<12:41
[K       3/51      5.07G      1.125     0.9521    0.01165         16        640: 4% ╸─────────── 54/1288 1.4it/s 44.2s<14:21
[K       3/51      5.07G      1.124      0.957    0.01165         16        640: 4% ╸─────────── 55/1288 1.4it/s 44.9s<14:10
[K       3/51      5.07G      1.124     0.9628    0.01172         16        640: 4% ╸─────────── 56/1288 1.5it/s 45.5s<14:03
[K       3/51      5.07G      1.124      0.961    0.01167         16        640: 4% ╸─────────── 57/1288 1.4it/s 46.4s<14:59
[K       3/51      5.07G      1.127     0.9622    0.01163         16        640: 5% ╸─────────── 58/1288 1.4it/s 47.1s<14:50
[K       3/51      5.07G      1.131      0.965    0.01164         16        640: 5% ╸─────────── 59/1288 1.4it/s 47.8s<14:33
[K       3/51      5.07G      1.125     0.9614    0.01166         16        640: 5% ╸─────────── 60/1288 1.3it/s 48.8s<15:53
[K       3/51      5.07G      1.129     0.9617    0.01165         16        640: 5% ╸─────────── 61/1288 1.4it/s 49.4s<14:45
[K       3/51      5.07G      1.126     0.9619    0.01164         16        640: 5% ╸─────────── 62/1288 1.4it/s 50.1s<14:23
[K       3/51      5.07G      1.131     0.9673    0.01164         16        640: 5% ╸─────────── 63/1288 1.3it/s 51.2s<16:08
[K       3/51      5.07G      1.125      0.962    0.01159         16        640: 5% ╸─────────── 64/1288 1.4it/s 51.7s<14:09
